Copyright 1986-2018 Xilinx, Inc. All Rights Reserved.
------------------------------------------------------------------------------------
| Tool Version : Vivado v.2018.1 (lin64) Build 2188600 Wed Apr  4 18:39:19 MDT 2018
| Date         : Mon Oct  1 14:38:52 2018
| Host         : MiddleEarth running 64-bit unknown
| Command      : report_control_sets -verbose -file main_control_sets_placed.rpt
| Design       : main
| Device       : xc7a35ti
------------------------------------------------------------------------------------

Control Set Information

Table of Contents
-----------------
1. Summary
2. Histogram
3. Flip-Flop Distribution
4. Detailed Control Set Information

1. Summary
----------

+----------------------------------------------------------+-------+
|                          Status                          | Count |
+----------------------------------------------------------+-------+
| Number of unique control sets                            |     8 |
| Unused register locations in slices containing registers |    33 |
+----------------------------------------------------------+-------+


2. Histogram
------------

+--------+--------------+
| Fanout | Control Sets |
+--------+--------------+
|      1 |            1 |
|      4 |            3 |
|      8 |            1 |
|     13 |            1 |
|    16+ |            2 |
+--------+--------------+


3. Flip-Flop Distribution
-------------------------

+--------------+-----------------------+------------------------+-----------------+--------------+
| Clock Enable | Synchronous Set/Reset | Asynchronous Set/Reset | Total Registers | Total Slices |
+--------------+-----------------------+------------------------+-----------------+--------------+
| No           | No                    | No                     |              13 |            6 |
| No           | No                    | Yes                    |               0 |            0 |
| No           | Yes                   | No                     |              58 |           21 |
| Yes          | No                    | No                     |               0 |            0 |
| Yes          | No                    | Yes                    |               0 |            0 |
| Yes          | Yes                   | No                     |               8 |            2 |
+--------------+-----------------------+------------------------+-----------------+--------------+


4. Detailed Control Set Information
-----------------------------------

+----------------------+---------------+---------------------------+------------------+----------------+
|     Clock Signal     | Enable Signal |      Set/Reset Signal     | Slice Load Count | Bel Load Count |
+----------------------+---------------+---------------------------+------------------+----------------+
|  CLK100MHZ_IBUF_BUFG |               | BUTTON3/btn3_state        |                1 |              1 |
|  CLK100MHZ_IBUF_BUFG |               | pwmled0_r/pwm_state_reg_0 |                3 |              4 |
|  CLK100MHZ_IBUF_BUFG |               | pwmled0_r/pwm_state_reg_2 |                2 |              4 |
|  CLK100MHZ_IBUF_BUFG |               | pwmled0_r/pwm_state_reg_1 |                3 |              4 |
|  CLK_NEW/CLK         | run           | reset                     |                2 |              8 |
|  CLK100MHZ_IBUF_BUFG |               |                           |                6 |             13 |
|  CLK100MHZ_IBUF_BUFG |               | BUTTON3/idle              |                5 |             18 |
|  CLK100MHZ_IBUF_BUFG |               | CLK_NEW/clear             |                7 |             27 |
+----------------------+---------------+---------------------------+------------------+----------------+


